// Jest Snapshot v1, https://goo.gl/fbAQLP

exports[`01 - Tela Ã© renderizada corretamente 1`] = `
<View
  style={
    {
      "alignItems": "center",
      "backgroundColor": "#fff",
      "flex": 1,
      "justifyContent": "center",
    }
  }
>
  <Text>
    " Meu primeiro APP React Native "
  </Text>
</View>
`;
